// Jest Snapshot v1, https://goo.gl/fbAQLP

exports[`Profile renders correctly 1`] = `
<div
  className="profileContainer"
>
  <Profile
    className="profileContainer"
    getUser={[Function]}
    getUserFollowers={[Function]}
    history={Object {}}
    username="githubUser"
  />
</div>
`;
