// Jest Snapshot v1, https://goo.gl/fbAQLP

exports[`Profile renders correctly 1`] = `
<CircularProgress
  max={100}
  min={0}
  mode="indeterminate"
  size={80}
  thickness={3.5}
  value={0}
/>
`;
