// Jest Snapshot v1, https://goo.gl/fbAQLP

exports[`<App /> renders correctly 1`] = `
<MuiThemeProvider>
  <BrowserRouter>
    <Route
      component={[Function]}
      path="/:username"
    />
  </BrowserRouter>
</MuiThemeProvider>
`;
